학습 < 2022-05-19 | 검증 < 2024-03-07 | 시험 >= 2024-03-07
피처: AR 25 / 금융 15 / 감성 16 / 임베딩 15  (공통 71)

============================================================================================
  변동성(5일 RV) 예측 — pooled + 보정, 두 시장 동일 절차
  피처군              시장              R²                 95% CI        상관
  AR_Only          US         +0.3230   [+0.0644, +0.4676] *    0.591
  AR_Only          UK         +0.0429   [-0.2237, +0.2057]    0.280
  Financial_Only   US         +0.1740   [-0.0492, +0.2887]    0.429
  Financial_Only   UK         -0.0946   [-0.3956, +0.0469]    0.104
  News_Pure        US         +0.1286   [-0.1533, +0.2833]    0.454
  News_Pure        UK         -0.0306   [-0.2848, +0.0929]    0.179
  AR+News          US         +0.3204   [+0.0571, +0.4665] *    0.589
  AR+News          UK         +0.0320   [-0.2121, +0.1900]    0.274
  Full             US         +0.3587   [+0.1355, +0.4741] *    0.609
  Full             UK         -0.1816   [-0.6972, +0.0912]    0.263
  Financial_Clean  US         +0.1061   [-0.1781, +0.2410]    0.435
  Financial_Clean  UK         -0.1089   [-0.4432, +0.0552]    0.160
  (* = 95% 신뢰구간이 0을 포함하지 않음)

============================================================================================
  Diebold-Mariano 검정 (기준 vs AR+News / Full) — 뉴스 증분 기여
  US   AR_Only          vs AR+News    DM= -0.125  p=0.9003  유의차 없음
  US   AR_Only          vs Full       DM= +1.255  p=0.2100  유의차 없음
  US   Financial_Only   vs Full       DM= +3.534  p=0.0005  Full 우위
  US   News_Pure        vs Full       DM= +4.130  p=0.0000  Full 우위
  US   Financial_Clean  vs Full       DM= +3.928  p=0.0001  Full 우위
  UK   AR_Only          vs AR+News    DM= -0.435  p=0.6639  유의차 없음
  UK   AR_Only          vs Full       DM= -2.259  p=0.0244  AR_Only 우위
  UK   Financial_Only   vs Full       DM= -0.841  p=0.4010  유의차 없음
  UK   News_Pure        vs Full       DM= -1.349  p=0.1781  유의차 없음
  UK   Financial_Clean  vs Full       DM= -0.713  p=0.4760  유의차 없음

저장: _final_v10_volatility.csv, _final_v10_dm.csv
