학습 < 2022-05-19 | 검증 < 2024-03-07 | 시험 >= 2024-03-07

================================================================================================
  5일 누적 방향성 — pooled, 두 시장 동일 절차
  피처군              시장          AUC                 95% CI       정확도     다수클래스
  AR_Only          US        0.482   [0.401, 0.561]    0.628     0.628
  AR_Only          UK        0.517   [0.451, 0.591]    0.562     0.611
  Financial_Only   US        0.540   [0.462, 0.627]    0.628     0.628
  Financial_Only   UK        0.547   [0.477, 0.624]    0.611     0.611
  News_Pure        US        0.492   [0.432, 0.556]    0.628     0.628
  News_Pure        UK        0.469   [0.415, 0.523]    0.611     0.611
  AR+News          US        0.479   [0.403, 0.554]    0.628     0.628
  AR+News          UK        0.497   [0.431, 0.566]    0.567     0.611
  Full             US        0.576   [0.499, 0.654]    0.628     0.628
  Full             UK        0.506   [0.439, 0.582]    0.479     0.611
  Financial_Clean  US        0.555   [0.472, 0.643]    0.628     0.628
  Financial_Clean  UK        0.542   [0.456, 0.627]    0.412     0.611
  (* = 95% 신뢰구간 하한이 0.5 초과)

================================================================================================
  Diebold-Mariano 검정 (Brier 손실 기반)
  US   AR_Only          vs AR+News    DM= +0.355  p=0.7225  유의차 없음
  US   AR_Only          vs Full       DM= +0.731  p=0.4653  유의차 없음
  US   Financial_Only   vs Full       DM= +1.128  p=0.2601  유의차 없음
  US   News_Pure        vs Full       DM= +1.182  p=0.2377  유의차 없음
  US   Financial_Clean  vs Full       DM= +1.216  p=0.2245  유의차 없음
  UK   AR_Only          vs AR+News    DM= +0.771  p=0.4412  유의차 없음
  UK   AR_Only          vs Full       DM= -0.823  p=0.4110  유의차 없음
  UK   Financial_Only   vs Full       DM= -1.888  p=0.0596  유의차 없음
  UK   News_Pure        vs Full       DM= -1.842  p=0.0661  유의차 없음
  UK   Financial_Clean  vs Full       DM= -0.182  p=0.8557  유의차 없음

저장 완료
