====================================================================
  US
  [거래일 필터] US: 4382 -> 3018행 (연평균 251.6일, 제거 1364행)
    [vol1] HAR-RV            log-R2 = +0.0262
    [vol1] GARCH(1,1)        log-R2 = -0.3647
    [vol1] GJR-GARCH(1,1,1)  log-R2 = -0.3040
    [vol5] HAR-RV            log-R2 = +0.1874
    [vol5] GARCH(1,1)        log-R2 = +0.0298
    [vol5] GJR-GARCH(1,1,1)  log-R2 = +0.1523
    [vol10] HAR-RV            log-R2 = +0.1810
    [vol10] GARCH(1,1)        log-R2 = -0.0010
    [vol10] GJR-GARCH(1,1,1)  log-R2 = +0.1028
====================================================================
  UK
  [거래일 필터] UK: 4383 -> 3031행 (연평균 252.7일, 제거 1352행)
    [vol1] HAR-RV            log-R2 = -0.0386
    [vol1] GARCH(1,1)        log-R2 = -0.5892
    [vol1] GJR-GARCH(1,1,1)  log-R2 = -0.5561
    [vol5] HAR-RV            log-R2 = -0.1008
    [vol5] GARCH(1,1)        log-R2 = -0.6633
    [vol5] GJR-GARCH(1,1,1)  log-R2 = -0.5511
    [vol10] HAR-RV            log-R2 = -0.2221
    [vol10] GARCH(1,1)        log-R2 = -0.9153
    [vol10] GJR-GARCH(1,1,1)  log-R2 = -0.7927

저장 완료
