학습 < 2022-05-19  |  검증 < 2024-03-07  |  시험 >= 2024-03-07
공통 피처 71개 (AR 25개)

====================================================================================
  피처군: AR_Only (25개)

  [US]  학습 2104행(단독) / 4120행(pooled),  검증 451,  시험 452
     단독           보정전 R2=+0.2655  ->  보정후 R2=+0.3031   (상관 0.579, 상한 0.335, 기울기 0.68)
     pooled       보정전 R2=+0.3009  ->  보정후 R2=+0.3230   (상관 0.591, 상한 0.349, 기울기 0.71)

  [UK]  학습 2016행(단독) / 4120행(pooled),  검증 436,  시험 434
     단독           보정전 R2=-0.1859  ->  보정후 R2=+0.0250   (상관 0.268, 상한 0.072, 기울기 0.63)
     pooled       보정전 R2=-0.1151  ->  보정후 R2=+0.0429   (상관 0.280, 상한 0.078, 기울기 0.70)
====================================================================================
  피처군: Full (71개)

  [US]  학습 2104행(단독) / 4120행(pooled),  검증 451,  시험 452
     단독           보정전 R2=-0.3156  ->  보정후 R2=+0.2172   (상관 0.532, 상한 0.283, 기울기 0.84)
     pooled       보정전 R2=+0.2681  ->  보정후 R2=+0.3587   (상관 0.609, 상한 0.371, 기울기 0.86)

  [UK]  학습 2016행(단독) / 4120행(pooled),  검증 436,  시험 434
     단독           보정전 R2=-0.6738  ->  보정후 R2=-0.0912   (상관 0.271, 상한 0.074, 기울기 0.75)
     pooled       보정전 R2=-1.5155  ->  보정후 R2=-0.1816   (상관 0.263, 상한 0.069, 기울기 0.98)

====================================================================================
market features  model  r2_raw  r2_calibrated   corr  ceiling
    US  AR_Only     단독  0.2655         0.3031 0.5787   0.3349
    US  AR_Only pooled  0.3009         0.3230 0.5910   0.3493
    UK  AR_Only     단독 -0.1859         0.0250 0.2681   0.0719
    UK  AR_Only pooled -0.1151         0.0429 0.2800   0.0784
    US     Full     단독 -0.3156         0.2172 0.5324   0.2835
    US     Full pooled  0.2681         0.3587 0.6093   0.3713
    UK     Full     단독 -0.6738        -0.0912 0.2714   0.0736
    UK     Full pooled -1.5155        -0.1816 0.2635   0.0694

저장: _pooled_calibrated_v9_results.csv
