학습 < 2022-05-19 | 검증 < 2024-03-07 | 시험 >= 2024-03-07
피처: AR 25 / 금융 15 / 감성 16 / 임베딩 15  (공통 71)

============================================================================================
  변동성(5일 RV) 예측 — pooled + 보정, 두 시장 동일 절차
  피처군              시장              R²                 95% CI        상관
  AR_Only          US         +0.3230   [+0.0644, +0.4676] *    0.591
  AR_Only          UK         +0.0429   [-0.2237, +0.2057]    0.280
  Financial_Only   US         +0.0852   [-0.2738, +0.2830]    0.440
  Financial_Only   UK         -0.1325   [-0.4974, +0.0587]    0.154
  News_Pure        US         +0.1522   [-0.1304, +0.3127]    0.471
  News_Pure        UK         -0.0600   [-0.3251, +0.0670]    0.140
  AR+News          US         +0.3451   [+0.1231, +0.4604] *    0.601
  AR+News          UK         +0.0071   [-0.2385, +0.1592]    0.248
  Full             US         +0.3501   [+0.1260, +0.4665] *    0.595
  Full             UK         -0.1020   [-0.5172, +0.1144]    0.255
  Financial_Clean  US         +0.1061   [-0.1781, +0.2410]    0.435
  Financial_Clean  UK         -0.1089   [-0.4432, +0.0552]    0.160
  (* = 95% 신뢰구간이 0을 포함하지 않음)

============================================================================================
  Diebold-Mariano 검정 (기준 vs AR+News / Full) — 뉴스 증분 기여
  US   AR_Only          vs AR+News    DM= +0.721  p=0.4714  유의차 없음
  US   AR_Only          vs Full       DM= +0.702  p=0.4830  유의차 없음
  US   Financial_Only   vs Full       DM= +3.698  p=0.0002  Full 우위
  US   News_Pure        vs Full       DM= +3.069  p=0.0023  Full 우위
  US   Financial_Clean  vs Full       DM= +3.324  p=0.0010  Full 우위
  UK   AR_Only          vs AR+News    DM= -0.707  p=0.4799  유의차 없음
  UK   AR_Only          vs Full       DM= -1.864  p=0.0630  유의차 없음
  UK   Financial_Only   vs Full       DM= +0.437  p=0.6626  유의차 없음
  UK   News_Pure        vs Full       DM= -0.507  p=0.6124  유의차 없음
  UK   Financial_Clean  vs Full       DM= +0.095  p=0.9241  유의차 없음

저장: _final_v10_volatility.csv, _final_v10_dm.csv
