학습 < 2022-05-19 | 검증 < 2024-03-07 | 시험 >= 2024-03-07

================================================================================================
  5일 누적 방향성 — pooled, 두 시장 동일 절차
  피처군              시장          AUC                 95% CI       정확도     다수클래스
  AR_Only          US        0.482   [0.401, 0.561]    0.628     0.628
  AR_Only          UK        0.517   [0.451, 0.591]    0.562     0.611
  Financial_Only   US        0.578   [0.498, 0.663]    0.628     0.628
  Financial_Only   UK        0.515   [0.435, 0.587]    0.611     0.611
  News_Pure        US        0.471   [0.390, 0.546]    0.628     0.628
  News_Pure        UK        0.392   [0.326, 0.466]    0.611     0.611
  AR+News          US        0.530   [0.449, 0.609]    0.628     0.628
  AR+News          UK        0.477   [0.409, 0.556]    0.518     0.611
  Full             US        0.581   [0.502, 0.666] *    0.628     0.628
  Full             UK        0.482   [0.404, 0.567]    0.433     0.611
  Financial_Clean  US        0.555   [0.472, 0.643]    0.628     0.628
  Financial_Clean  UK        0.542   [0.456, 0.627]    0.412     0.611
  (* = 95% 신뢰구간 하한이 0.5 초과)

================================================================================================
  Diebold-Mariano 검정 (Brier 손실 기반)
  US   AR_Only          vs AR+News    DM= +0.380  p=0.7039  유의차 없음
  US   AR_Only          vs Full       DM= +0.735  p=0.4626  유의차 없음
  US   Financial_Only   vs Full       DM= +1.813  p=0.0704  유의차 없음
  US   News_Pure        vs Full       DM= +1.439  p=0.1509  유의차 없음
  US   Financial_Clean  vs Full       DM= +1.753  p=0.0803  유의차 없음
  UK   AR_Only          vs AR+News    DM= -2.767  p=0.0059  AR_Only 우위
  UK   AR_Only          vs Full       DM= -1.557  p=0.1201  유의차 없음
  UK   Financial_Only   vs Full       DM= -2.351  p=0.0192  Financial_Only 우위
  UK   News_Pure        vs Full       DM= -2.355  p=0.0190  News_Pure 우위
  UK   Financial_Clean  vs Full       DM= -1.463  p=0.1442  유의차 없음

저장 완료
