학습 < 2022-05-19  |  검증 < 2024-03-07  |  시험 >= 2024-03-07
공통 피처 71개 (AR 25개)

====================================================================================
  피처군: AR_Only (25개)

  [US]  학습 2104행(단독) / 4120행(pooled),  검증 451,  시험 452
     단독           보정전 R2=+0.2655  ->  보정후 R2=+0.3031   (상관 0.579, 상한 0.335, 기울기 0.68)
     pooled       보정전 R2=+0.3009  ->  보정후 R2=+0.3230   (상관 0.591, 상한 0.349, 기울기 0.71)

  [UK]  학습 2016행(단독) / 4120행(pooled),  검증 436,  시험 434
     단독           보정전 R2=-0.1859  ->  보정후 R2=+0.0250   (상관 0.268, 상한 0.072, 기울기 0.63)
     pooled       보정전 R2=-0.1151  ->  보정후 R2=+0.0429   (상관 0.280, 상한 0.078, 기울기 0.70)
====================================================================================
  피처군: Full (71개)

  [US]  학습 2104행(단독) / 4120행(pooled),  검증 451,  시험 452
     단독           보정전 R2=+0.0754  ->  보정후 R2=+0.2332   (상관 0.543, 상한 0.294, 기울기 0.80)
     pooled       보정전 R2=+0.2693  ->  보정후 R2=+0.3501   (상관 0.595, 상한 0.354, 기울기 0.95)

  [UK]  학습 2016행(단독) / 4120행(pooled),  검증 436,  시험 434
     단독           보정전 R2=-1.2925  ->  보정후 R2=-0.1329   (상관 0.246, 상한 0.060, 기울기 0.60)
     pooled       보정전 R2=-1.3068  ->  보정후 R2=-0.1020   (상관 0.255, 상한 0.065, 기울기 0.76)

====================================================================================
market features  model  r2_raw  r2_calibrated   corr  ceiling
    US  AR_Only     단독  0.2655         0.3031 0.5787   0.3349
    US  AR_Only pooled  0.3009         0.3230 0.5910   0.3493
    UK  AR_Only     단독 -0.1859         0.0250 0.2681   0.0719
    UK  AR_Only pooled -0.1151         0.0429 0.2800   0.0784
    US     Full     단독  0.0754         0.2332 0.5425   0.2943
    US     Full pooled  0.2693         0.3501 0.5954   0.3545
    UK     Full     단독 -1.2925        -0.1329 0.2457   0.0604
    UK     Full pooled -1.3068        -0.1020 0.2549   0.0650

저장: _pooled_calibrated_v9_results.csv
