학습 < 2022-05-19 | 검증 < 2024-03-07 | 시험 >= 2024-03-07

================================================================================================
  5일 누적 방향성 — pooled, 두 시장 동일 절차
  피처군              시장          AUC                 95% CI       정확도     다수클래스
  AR_Only          US        0.482   [0.401, 0.561]    0.628     0.628
  AR_Only          UK        0.517   [0.451, 0.591]    0.562     0.611
  Financial_Only   US        0.540   [0.462, 0.627]    0.628     0.628
  Financial_Only   UK        0.547   [0.477, 0.624]    0.611     0.611
  News_Pure        US        0.472   [0.411, 0.532]    0.628     0.628
  News_Pure        UK        0.457   [0.407, 0.508]    0.611     0.611
  AR+News          US        0.462   [0.388, 0.536]    0.628     0.628
  AR+News          UK        0.482   [0.416, 0.547]    0.553     0.611
  Full             US        0.573   [0.497, 0.648]    0.628     0.628
  Full             UK        0.562   [0.491, 0.643]    0.546     0.611
  Financial_Clean  US        0.555   [0.472, 0.643]    0.628     0.628
  Financial_Clean  UK        0.542   [0.456, 0.627]    0.412     0.611
  (* = 95% 신뢰구간 하한이 0.5 초과)

================================================================================================
  Diebold-Mariano 검정 (Brier 손실 기반)
  US   AR_Only          vs AR+News    DM= +0.727  p=0.4674  유의차 없음
  US   AR_Only          vs Full       DM= +0.504  p=0.6148  유의차 없음
  US   Financial_Only   vs Full       DM= +1.015  p=0.3105  유의차 없음
  US   News_Pure        vs Full       DM= +1.706  p=0.0887  유의차 없음
  US   Financial_Clean  vs Full       DM= +1.322  p=0.1869  유의차 없음
  UK   AR_Only          vs AR+News    DM= +0.403  p=0.6868  유의차 없음
  UK   AR_Only          vs Full       DM= -0.112  p=0.9112  유의차 없음
  UK   Financial_Only   vs Full       DM= -1.009  p=0.3133  유의차 없음
  UK   News_Pure        vs Full       DM= -1.442  p=0.1500  유의차 없음
  UK   Financial_Clean  vs Full       DM= +2.492  p=0.0131  Full 우위

저장 완료
