학습 < 2022-05-19 | 검증 < 2024-03-07 | 시험 >= 2024-03-07
피처: AR 25 / 금융 15 / 감성 16 / 임베딩 15  (공통 71)

============================================================================================
  변동성(5일 RV) 예측 — pooled + 보정, 두 시장 동일 절차
  피처군              시장              R²                 95% CI        상관
  AR_Only          US         +0.3230   [+0.0644, +0.4676] *    0.591
  AR_Only          UK         +0.0429   [-0.2237, +0.2057]    0.280
  Financial_Only   US         +0.1740   [-0.0492, +0.2887]    0.429
  Financial_Only   UK         -0.0946   [-0.3956, +0.0469]    0.104
  News_Pure        US         +0.1278   [-0.1500, +0.2793]    0.448
  News_Pure        UK         -0.0353   [-0.2892, +0.0866]    0.171
  AR+News          US         +0.3267   [+0.0606, +0.4725] *    0.594
  AR+News          UK         +0.0558   [-0.1846, +0.2063]    0.295
  Full             US         +0.3794   [+0.1672, +0.4924] *    0.628
  Full             UK         -0.1681   [-0.6537, +0.0873]    0.238
  Financial_Clean  US         +0.1061   [-0.1781, +0.2410]    0.435
  Financial_Clean  UK         -0.1089   [-0.4432, +0.0552]    0.160
  (* = 95% 신뢰구간이 0을 포함하지 않음)

============================================================================================
  Diebold-Mariano 검정 (기준 vs AR+News / Full) — 뉴스 증분 기여
  US   AR_Only          vs AR+News    DM= +0.152  p=0.8791  유의차 없음
  US   AR_Only          vs Full       DM= +2.231  p=0.0262  Full 우위
  US   Financial_Only   vs Full       DM= +3.847  p=0.0001  Full 우위
  US   News_Pure        vs Full       DM= +4.348  p=0.0000  Full 우위
  US   Financial_Clean  vs Full       DM= +4.017  p=0.0001  Full 우위
  UK   AR_Only          vs AR+News    DM= +0.592  p=0.5542  유의차 없음
  UK   AR_Only          vs Full       DM= -2.239  p=0.0257  AR_Only 우위
  UK   Financial_Only   vs Full       DM= -0.814  p=0.4161  유의차 없음
  UK   News_Pure        vs Full       DM= -1.325  p=0.1858  유의차 없음
  UK   Financial_Clean  vs Full       DM= -0.668  p=0.5043  유의차 없음

저장: _final_v10_volatility.csv, _final_v10_dm.csv
