학습 < 2022-05-19 | 검증 < 2024-03-07 | 시험 >= 2024-03-07

================================================================================================
  5일 누적 방향성 — pooled, 두 시장 동일 절차
  피처군              시장          AUC                 95% CI       정확도     다수클래스
  AR_Only          US        0.482   [0.401, 0.561]    0.628     0.628
  AR_Only          UK        0.517   [0.451, 0.591]    0.562     0.611
  Financial_Only   US        0.578   [0.498, 0.663]    0.628     0.628
  Financial_Only   UK        0.515   [0.435, 0.587]    0.611     0.611
  News_Pure        US        0.483   [0.395, 0.559]    0.628     0.628
  News_Pure        UK        0.396   [0.328, 0.464]    0.611     0.611
  AR+News          US        0.519   [0.437, 0.599]    0.628     0.628
  AR+News          UK        0.489   [0.421, 0.566]    0.523     0.611
  Full             US        0.591   [0.511, 0.669] *    0.628     0.628
  Full             UK        0.485   [0.406, 0.567]    0.431     0.611
  Financial_Clean  US        0.555   [0.472, 0.643]    0.628     0.628
  Financial_Clean  UK        0.542   [0.456, 0.627]    0.412     0.611
  (* = 95% 신뢰구간 하한이 0.5 초과)

================================================================================================
  Diebold-Mariano 검정 (Brier 손실 기반)
  US   AR_Only          vs AR+News    DM= +0.293  p=0.7694  유의차 없음
  US   AR_Only          vs Full       DM= +0.727  p=0.4673  유의차 없음
  US   Financial_Only   vs Full       DM= +1.717  p=0.0866  유의차 없음
  US   News_Pure        vs Full       DM= +2.057  p=0.0403  Full 우위
  US   Financial_Clean  vs Full       DM= +1.616  p=0.1067  유의차 없음
  UK   AR_Only          vs AR+News    DM= -2.225  p=0.0266  AR_Only 우위
  UK   AR_Only          vs Full       DM= -1.598  p=0.1108  유의차 없음
  UK   Financial_Only   vs Full       DM= -2.518  p=0.0121  Financial_Only 우위
  UK   News_Pure        vs Full       DM= -2.514  p=0.0123  News_Pure 우위
  UK   Financial_Clean  vs Full       DM= -1.885  p=0.0601  유의차 없음

저장 완료
