학습 < 2022-05-19  |  검증 < 2024-03-07  |  시험 >= 2024-03-07
공통 피처 71개 (AR 25개)

====================================================================================
  피처군: AR_Only (25개)

  [US]  학습 2104행(단독) / 4120행(pooled),  검증 451,  시험 452
     단독           보정전 R2=+0.2655  ->  보정후 R2=+0.3031   (상관 0.579, 상한 0.335, 기울기 0.68)
     pooled       보정전 R2=+0.3009  ->  보정후 R2=+0.3230   (상관 0.591, 상한 0.349, 기울기 0.71)

  [UK]  학습 2016행(단독) / 4120행(pooled),  검증 436,  시험 434
     단독           보정전 R2=-0.1859  ->  보정후 R2=+0.0250   (상관 0.268, 상한 0.072, 기울기 0.63)
     pooled       보정전 R2=-0.1151  ->  보정후 R2=+0.0429   (상관 0.280, 상한 0.078, 기울기 0.70)
====================================================================================
  피처군: Full (71개)

  [US]  학습 2104행(단독) / 4120행(pooled),  검증 451,  시험 452
     단독           보정전 R2=+0.0155  ->  보정후 R2=+0.1935   (상관 0.521, 상한 0.272, 기울기 0.81)
     pooled       보정전 R2=+0.3082  ->  보정후 R2=+0.3691   (상관 0.611, 상한 0.374, 기울기 0.93)

  [UK]  학습 2016행(단독) / 4120행(pooled),  검증 436,  시험 434
     단독           보정전 R2=-1.0744  ->  보정후 R2=-0.0820   (상관 0.256, 상한 0.065, 기울기 0.62)
     pooled       보정전 R2=-1.4827  ->  보정후 R2=-0.1529   (상관 0.252, 상한 0.063, 기울기 0.77)

====================================================================================
market features  model  r2_raw  r2_calibrated   corr  ceiling
    US  AR_Only     단독  0.2655         0.3031 0.5787   0.3349
    US  AR_Only pooled  0.3009         0.3230 0.5910   0.3493
    UK  AR_Only     단독 -0.1859         0.0250 0.2681   0.0719
    UK  AR_Only pooled -0.1151         0.0429 0.2800   0.0784
    US     Full     단독  0.0155         0.1935 0.5215   0.2719
    US     Full pooled  0.3082         0.3691 0.6114   0.3738
    UK     Full     단독 -1.0744        -0.0820 0.2556   0.0653
    UK     Full pooled -1.4827        -0.1529 0.2519   0.0635

저장: _pooled_calibrated_v9_results.csv
